// Jest Snapshot v1, https://goo.gl/fbAQLP

exports[`About page matches snapshot 1`] = `
<DocumentFragment>
  <div>
    About
  </div>
</DocumentFragment>
`;
